Godot Engine v4.7.2.stable.official.ed1daf0bf - https://godotengine.org
Metal 4.0 - Forward Mobile - Using Device #0: Apple - Apple M1 Max (Apple7)

Sentry: DEBUG: starting Sentry SDK version 2.1.1+d288ad9
Sentry: DEBUG: Automatic initialization is disabled in the project settings.
Sentry: INFO: Automatic initialization is disabled! Operations with Sentry SDK will result in no-ops.
WALKING_UNION removed_m2=179.340036571026 build_ms=170.427
LANDSCAPE_OPENINGS count=0
COURT_SURFACE triangles=4638
ARCHITECTURE_OCCUPANCY conflicts=0
PRECINCT_BUILD_MS 1834.255
PRECINCT_TIMING {"draw_calls":144.0,"frame_interval_ms":{"maximum":20.774,"median":8.301,"p95":16.65},"frames":120,"gpu_timestamps_available":false,"render_cpu_ms":{"maximum":0.337000012397766,"median":0.194999992847443,"p95":0.230000004172325},"render_gpu_ms":{"maximum":0.0,"median":0.0,"p95":0.0},"renderer_mib":81.890625,"scope":"desktop native stationary viewport; frame interval includes synchronisation; not device qualification","view":"whole"}
PRECINCT_VIEW {"draw_calls":144.0,"primitives":427658.0,"renderer_mib":81.890625,"scope":"native capture counters; not frame-time qualification","view":"whole"}
PRECINCT_TIMING {"draw_calls":56.0,"frame_interval_ms":{"maximum":16.721,"median":8.278,"p95":16.618},"frames":120,"gpu_timestamps_available":false,"render_cpu_ms":{"maximum":0.197999998927116,"median":0.138999998569489,"p95":0.150999993085861},"render_gpu_ms":{"maximum":0.0,"median":0.0,"p95":0.0},"renderer_mib":81.890625,"scope":"desktop native stationary viewport; frame interval includes synchronisation; not device qualification","view":"journey"}
PRECINCT_VIEW {"draw_calls":56.0,"primitives":183640.0,"renderer_mib":81.890625,"scope":"native capture counters; not frame-time qualification","view":"journey"}
PRECINCT_TIMING {"draw_calls":36.0,"frame_interval_ms":{"maximum":16.707,"median":8.301,"p95":16.585},"frames":120,"gpu_timestamps_available":false,"render_cpu_ms":{"maximum":0.19200000166893,"median":0.136999994516373,"p95":0.152999997138977},"render_gpu_ms":{"maximum":0.0,"median":0.0,"p95":0.0},"renderer_mib":81.890625,"scope":"desktop native stationary viewport; frame interval includes synchronisation; not device qualification","view":"court"}
PRECINCT_VIEW {"draw_calls":36.0,"primitives":211931.0,"renderer_mib":81.890625,"scope":"native capture counters; not frame-time qualification","view":"court"}
PRECINCT_VIEW {"draw_calls":70.0,"primitives":324998.0,"renderer_mib":81.890625,"scope":"native capture counters; not frame-time qualification","view":"threshold"}
PRECINCT_VIEW {"draw_calls":14.0,"primitives":175814.0,"renderer_mib":81.890625,"scope":"native capture counters; not frame-time qualification","view":"passage"}
PRECINCT_COMPOSITION captured whole/journey/court; uncertified placement study
PRECINCT_INPUT {"current_visible":true,"dimensions":[844.0,390.0],"drag_pan":true,"drag_preserves_selection":true,"drag_probe":{"camera_delta":2.65753602981567,"hovered":"none","motion_events":1,"origin":"(12.0, 195.0)","received_down":true,"target":"(42.0, 205.0)","target_markers":[]},"guidance":{"choices_clicked":2,"edges":76,"failures":[],"ok":true,"source_unchanged":true,"surface_samples":10991},"journey_button":true,"marker_target":[44.0,44.0],"overview":{"cluster_open":true,"cluster_transition":{"after":32.0,"before":147.743988037109,"whole":false},"nodes":65,"overlaps":[],"represented":65,"single_select":true,"target_sizes_pass":true,"targets":17},"required_target":44.0,"select_current":true,"sightlines":{"blocked_node_centres":0,"heading_degrees":25.0,"scope":"current and reachable centres at focus; not entire routes","tested_node_centres":3},"source_current_unchanged":true,"target_sizes_pass":true,"viewport_matches_pixels":true,"wheel_zoom":true,"whole_button":true}
