Godot Engine v4.7.2.stable.official.ed1daf0bf - https://godotengine.org
Metal 4.0 - Forward Mobile - Using Device #0: Apple - Apple M1 Max (Apple7)

Sentry: DEBUG: starting Sentry SDK version 2.1.1+d288ad9
Sentry: DEBUG: Automatic initialization is disabled in the project settings.
Sentry: INFO: Automatic initialization is disabled! Operations with Sentry SDK will result in no-ops.
WALKING_UNION removed_m2=179.340036571026 build_ms=168.186
LANDSCAPE_OPENINGS count=0
COURT_SURFACE triangles=4638
ARCHITECTURE_OCCUPANCY conflicts=0
PRECINCT_BUILD_MS 1816.541
PRECINCT_TIMING {"draw_calls":145.0,"frame_interval_ms":{"maximum":19.988,"median":8.343,"p95":8.568},"frames":120,"gpu_timestamps_available":false,"render_cpu_ms":{"maximum":0.25,"median":0.20100000500679,"p95":0.237000003457069},"render_gpu_ms":{"maximum":0.0,"median":0.0,"p95":0.0},"renderer_mib":131.78125,"scope":"desktop native stationary viewport; frame interval includes synchronisation; not device qualification","view":"whole"}
PRECINCT_VIEW {"draw_calls":145.0,"primitives":428146.0,"renderer_mib":131.78125,"scope":"native capture counters; not frame-time qualification","view":"whole"}
PRECINCT_TIMING {"draw_calls":43.0,"frame_interval_ms":{"maximum":8.566,"median":8.329,"p95":8.496},"frames":120,"gpu_timestamps_available":false,"render_cpu_ms":{"maximum":0.172000005841255,"median":0.130999997258186,"p95":0.156000003218651},"render_gpu_ms":{"maximum":0.0,"median":0.0,"p95":0.0},"renderer_mib":131.78125,"scope":"desktop native stationary viewport; frame interval includes synchronisation; not device qualification","view":"journey"}
PRECINCT_VIEW {"draw_calls":43.0,"primitives":140691.0,"renderer_mib":131.78125,"scope":"native capture counters; not frame-time qualification","view":"journey"}
PRECINCT_TIMING {"draw_calls":34.0,"frame_interval_ms":{"maximum":16.607,"median":8.323,"p95":8.546},"frames":120,"gpu_timestamps_available":false,"render_cpu_ms":{"maximum":0.190999999642372,"median":0.137999996542931,"p95":0.165000006556511},"render_gpu_ms":{"maximum":0.0,"median":0.0,"p95":0.0},"renderer_mib":131.78125,"scope":"desktop native stationary viewport; frame interval includes synchronisation; not device qualification","view":"court"}
PRECINCT_VIEW {"draw_calls":34.0,"primitives":209051.0,"renderer_mib":131.78125,"scope":"native capture counters; not frame-time qualification","view":"court"}
PRECINCT_VIEW {"draw_calls":65.0,"primitives":275175.0,"renderer_mib":131.78125,"scope":"native capture counters; not frame-time qualification","view":"threshold"}
PRECINCT_VIEW {"draw_calls":14.0,"primitives":166421.0,"renderer_mib":131.78125,"scope":"native capture counters; not frame-time qualification","view":"passage"}
PRECINCT_COMPOSITION captured whole/journey/court; uncertified placement study
PRECINCT_INPUT {"current_visible":true,"dimensions":[1458.0,820.0],"drag_pan":true,"drag_preserves_selection":true,"drag_probe":{"camera_delta":1.26395010948181,"hovered":"none","motion_events":1,"origin":"(12.0, 410.0)","received_down":true,"target":"(42.0, 420.0)","target_markers":[]},"guidance":{"choices_clicked":2,"edges":76,"failures":[],"ok":true,"source_unchanged":true,"surface_samples":10991},"journey_button":true,"marker_target":[60.0,60.0],"overview":{"cluster_open":true,"cluster_transition":{"after":32.0,"before":145.867080688477,"whole":false},"nodes":65,"overlaps":[],"represented":65,"single_select":true,"target_sizes_pass":true,"targets":31},"required_target":60.0,"select_current":true,"sightlines":{"blocked_node_centres":0,"heading_degrees":25.0,"scope":"current and reachable centres at focus; not entire routes","tested_node_centres":3},"source_current_unchanged":true,"target_sizes_pass":true,"viewport_matches_pixels":true,"wheel_zoom":true,"whole_button":true}
