Starting recording with the Metal System Trace template. Targeting All Processes. Time limit: 6.0 s
Ctrl-C to stop the recording
Reached specified time limit, ending recording...
Timeline modification failed -- dylibs overlap by 0x1ca0:
    0x299ac3000-0x299ac4ca0 [0x1ca0] (35605925891271-9223372036854775807) /usr/lib/libSystem.B.dylib
    0x299ac3000-0x299ac4ca0 [0x1ca0] (0-9223372036854775807) /usr/lib/libSystem.B.dylib
Timeline modification failed -- dylibs overlap by 0x3ad2c:
    0x22fa75000-0x22faafd2c [0x3ad2c] (35605925898660-9223372036854775807) /usr/lib/system/libsystem_kernel.dylib
    0x22fa75000-0x22faafd2c [0x3ad2c] (0-9223372036854775807) /usr/lib/system/libsystem_kernel.dylib
Timeline modification failed -- dylibs overlap by 0x43cb8:
    0x19180e000-0x191851cb8 [0x43cb8] (35605925898246-9223372036854775807) /usr/lib/system/libsystem_malloc.dylib
    0x19180e000-0x191851cb8 [0x43cb8] (0-9223372036854775807) /usr/lib/system/libsystem_malloc.dylib
Timeline modification failed -- dylibs overlap by 0x2f04c:
    0x1833ca000-0x1833f904c [0x2f04c] (35605925896849-9223372036854775807) /usr/lib/system/libdyld.dylib
    0x1833ca000-0x1833f904c [0x2f04c] (0-9223372036854775807) /usr/lib/system/libdyld.dylib
Timeline modification failed -- dylibs overlap by 0x4db0:
    0x29b3d8000-0x29b3dcdb0 [0x4db0] (35605925898495-9223372036854775807) /usr/lib/system/libsystem_sandbox.dylib
    0x29b3d8000-0x29b3dcdb0 [0x4db0] (0-9223372036854775807) /usr/lib/system/libsystem_sandbox.dylib
Timeline modification failed -- dylibs overlap by 0x2a3e8:
    0x19d394000-0x19d3be3e8 [0x2a3e8] (35605925898082-9223372036854775807) /usr/lib/system/libsystem_info.dylib
    0x19d394000-0x19d3be3e8 [0x2a3e8] (0-9223372036854775807) /usr/lib/system/libsystem_info.dylib
Run issues were detected (trace is still ready to be viewed):
* [Warning] Data stream: Signpost intervals with backdated timestamps were emitted that are not visualized on the timeline until immediate mode recording is stopped.

Recording completed. Saving output file...
Output file saved as: ctl-tf.trace
